package main

import (
	"github.com/acme/myproject/cmd"
	_ "go.uber.org/automaxprocs"
)

func main() {
	cmd.Execute()
}
