package service

import (
	"github.com/acme/myproject/internal/config"
	"github.com/spf13/cobra"
)

func Service(cmd *cobra.Command, args []string) error {
	cfg := config.GetServiceConfig[*config.CustomConfig]()
	cmd.Printf("hello %s", cfg.Username)
	return nil
}
