package cmd

import (
	"github.com/spf13/cobra"
)

var rootCmd = &cobra.Command{
	Use:   "myproject",
	Short: "A brief description of your application",
	Long: `A longer description that spans multiple lines and likely contains
examples and usage of using your application. For example:

Cobra is a CLI library for Go that empowers applications.
This application is a tool to generate the needed files
to quickly create a Cobra application.`,
	// Uncomment the following line if your bare application
	// has an action associated with it:
	RunE: func(cmd *cobra.Command, args []string) error {
        path, err := cmd.Flags().GetString("config")
        if err != nil {
            return err
        }
		printPath(path)
		return nil
    },
}

func Execute() {
	cobra.CheckErr(rootCmd.Execute())
}

func init() {
	rootCmd.Flags().StringP("config", "c", "config.yaml", "config file (default is config.yaml)")
}

func printPath(path string) {
	fmt.Printf("Hello, world! The path is: %s\n", path)
}
